<?xml version="1.0"?>
<testsuite name="Cucumber" time="1.239" tests="0" skipped="0" failures="0" errors="0"/>